// Jest Snapshot v1, https://goo.gl/fbAQLP

exports[`Keyboard <Button /> renders without crashes 1`] = `
<div>
  <div
    class="button"
  >
    <span />
  </div>
</div>
`;
