// Jest Snapshot v1, https://goo.gl/fbAQLP

exports[`<Keyboard /> renders 9 digit keys 1`] = `
<div>
  <div
    class="keyboard"
  >
    <div
      class="keyboardRow"
    >
      <div
        class="button"
      >
        <span>
          1
        </span>
      </div>
      <div
        class="button"
      >
        <span>
          2
        </span>
      </div>
      <div
        class="button"
      >
        <span>
          3
        </span>
      </div>
      <div
        class="button"
      >
        <span>
          4
        </span>
      </div>
      <div
        class="button"
      >
        <span>
          5
        </span>
      </div>
      <div
        class="button"
      >
        <span>
          6
        </span>
      </div>
      <div
        class="button"
      >
        <span>
          7
        </span>
      </div>
    </div>
    <div
      class="keyboardRow"
    >
      <div
        class="button"
      >
        <span>
          8
        </span>
      </div>
      <div
        class="button"
      >
        <span>
          9
        </span>
      </div>
      <div
        class="button"
      >
        <span>
          âœ•
        </span>
      </div>
      <div
        class="button buttonBig"
      >
        <span>
          Normal
        </span>
      </div>
    </div>
  </div>
</div>
`;
